// Jest Snapshot v1, https://goo.gl/fbAQLP

exports[`MetricSwitcher renders without crash 1`] = `
Object {
  "asFragment": [Function],
  "baseElement": <body>
    <div>
      <div
        class="MuiBox-root MuiBox-root-1 metric-switch-controls"
      >
        <div
          class="MuiFormGroup-root metric-switch-radio-group"
          role="radiogroup"
        >
          <label
            class="MuiFormControlLabel-root switch-control"
            role="radio"
          >
            <span
              aria-disabled="false"
              class="MuiButtonBase-root MuiIconButton-root PrivateSwitchBase-root-5 MuiRadio-root makeStyles-root-2 PrivateSwitchBase-checked-6 Mui-checked"
            >
              <span
                class="MuiIconButton-label"
              >
                <input
                  checked=""
                  class="PrivateSwitchBase-input-8"
                  name="radio-button-metric"
                  type="radio"
                  value="C"
                />
                <span
                  class="makeStyles-icon-3 makeStyles-checkedIcon-4"
                />
              </span>
            </span>
            <span
              class="MuiTypography-root MuiFormControlLabel-label MuiTypography-body1"
            >
              Celcius
            </span>
          </label>
          <label
            class="MuiFormControlLabel-root switch-control"
            role="radio"
          >
            <span
              aria-disabled="false"
              class="MuiButtonBase-root MuiIconButton-root PrivateSwitchBase-root-5 MuiRadio-root makeStyles-root-2"
            >
              <span
                class="MuiIconButton-label"
              >
                <input
                  class="PrivateSwitchBase-input-8"
                  name="radio-button-metric"
                  type="radio"
                  value="F"
                />
                <span
                  class="makeStyles-icon-3"
                />
              </span>
            </span>
            <span
              class="MuiTypography-root MuiFormControlLabel-label MuiTypography-body1"
            >
              Fahrenheit
            </span>
          </label>
        </div>
      </div>
    </div>
  </body>,
  "container": <div>
    <div
      class="MuiBox-root MuiBox-root-1 metric-switch-controls"
    >
      <div
        class="MuiFormGroup-root metric-switch-radio-group"
        role="radiogroup"
      >
        <label
          class="MuiFormControlLabel-root switch-control"
          role="radio"
        >
          <span
            aria-disabled="false"
            class="MuiButtonBase-root MuiIconButton-root PrivateSwitchBase-root-5 MuiRadio-root makeStyles-root-2 PrivateSwitchBase-checked-6 Mui-checked"
          >
            <span
              class="MuiIconButton-label"
            >
              <input
                checked=""
                class="PrivateSwitchBase-input-8"
                name="radio-button-metric"
                type="radio"
                value="C"
              />
              <span
                class="makeStyles-icon-3 makeStyles-checkedIcon-4"
              />
            </span>
          </span>
          <span
            class="MuiTypography-root MuiFormControlLabel-label MuiTypography-body1"
          >
            Celcius
          </span>
        </label>
        <label
          class="MuiFormControlLabel-root switch-control"
          role="radio"
        >
          <span
            aria-disabled="false"
            class="MuiButtonBase-root MuiIconButton-root PrivateSwitchBase-root-5 MuiRadio-root makeStyles-root-2"
          >
            <span
              class="MuiIconButton-label"
            >
              <input
                class="PrivateSwitchBase-input-8"
                name="radio-button-metric"
                type="radio"
                value="F"
              />
              <span
                class="makeStyles-icon-3"
              />
            </span>
          </span>
          <span
            class="MuiTypography-root MuiFormControlLabel-label MuiTypography-body1"
          >
            Fahrenheit
          </span>
        </label>
      </div>
    </div>
  </div>,
  "debug": [Function],
  "findAllByAltText": [Function],
  "findAllByDisplayValue": [Function],
  "findAllByLabelText": [Function],
  "findAllByPlaceholderText": [Function],
  "findAllByRole": [Function],
  "findAllByTestId": [Function],
  "findAllByText": [Function],
  "findAllByTitle": [Function],
  "findByAltText": [Function],
  "findByDisplayValue": [Function],
  "findByLabelText": [Function],
  "findByPlaceholderText": [Function],
  "findByRole": [Function],
  "findByTestId": [Function],
  "findByText": [Function],
  "findByTitle": [Function],
  "getAllByAltText": [Function],
  "getAllByDisplayValue": [Function],
  "getAllByLabelText": [Function],
  "getAllByPlaceholderText": [Function],
  "getAllByRole": [Function],
  "getAllByTestId": [Function],
  "getAllByText": [Function],
  "getAllByTitle": [Function],
  "getByAltText": [Function],
  "getByDisplayValue": [Function],
  "getByLabelText": [Function],
  "getByPlaceholderText": [Function],
  "getByRole": [Function],
  "getByTestId": [Function],
  "getByText": [Function],
  "getByTitle": [Function],
  "queryAllByAltText": [Function],
  "queryAllByDisplayValue": [Function],
  "queryAllByLabelText": [Function],
  "queryAllByPlaceholderText": [Function],
  "queryAllByRole": [Function],
  "queryAllByTestId": [Function],
  "queryAllByText": [Function],
  "queryAllByTitle": [Function],
  "queryByAltText": [Function],
  "queryByDisplayValue": [Function],
  "queryByLabelText": [Function],
  "queryByPlaceholderText": [Function],
  "queryByRole": [Function],
  "queryByTestId": [Function],
  "queryByText": [Function],
  "queryByTitle": [Function],
  "rerender": [Function],
  "unmount": [Function],
}
`;
