// Jest Snapshot v1, https://goo.gl/fbAQLP

exports[`ForecastList renders without crash 1`] = `
Object {
  "asFragment": [Function],
  "baseElement": <body>
    <div>
      <div
        class="MuiContainer-root container MuiContainer-maxWidthLg"
      >
        <div
          class="MuiGrid-root box MuiGrid-item MuiGrid-grid-xs-12 MuiGrid-grid-sm-12 MuiGrid-grid-md-12 MuiGrid-grid-lg-12 MuiGrid-grid-xl-12"
        >
          <span
            class="city"
          >
            London
          </span>
          <span
            class="cancel"
          >
            x
          </span>
        </div>
        <div
          class="MuiGrid-root grid MuiGrid-container MuiGrid-item MuiGrid-grid-xs-12 MuiGrid-grid-sm-12 MuiGrid-grid-md-12 MuiGrid-grid-lg-12 MuiGrid-grid-xl-12"
        >
          <div
            class="MuiGrid-root MuiGrid-item MuiGrid-grid-xs-12 MuiGrid-grid-sm-6 MuiGrid-grid-md-4 MuiGrid-grid-lg-4"
          >
            <div
              class="MuiPaper-root MuiCard-root card MuiPaper-elevation1 MuiPaper-rounded"
            >
              <div
                class="MuiCardContent-root"
              >
                <h6
                  class="MuiTypography-root MuiTypography-subtitle2 MuiTypography-colorTextSecondary MuiTypography-alignCenter"
                >
                  24 Apr, 2021
                </h6>
                <img
                  alt="forecast-icon"
                  class="MuiCardMedia-root image MuiCardMedia-media MuiCardMedia-img"
                  src="http://openweathermap.org/img/wn/01n@2x.png"
                />
                <p
                  class="MuiTypography-root MuiTypography-body2 MuiTypography-colorTextSecondary MuiTypography-alignCenter"
                >
                  Clear
                </p>
                <h2
                  class="MuiTypography-root MuiTypography-h4 MuiTypography-gutterBottom MuiTypography-alignCenter"
                >
                  277°C
                </h2>
                <p
                  class="MuiTypography-root MuiTypography-subtitle1 MuiTypography-colorTextSecondary MuiTypography-alignCenter"
                >
                  Feels like 
                  287°C
                </p>
              </div>
            </div>
          </div>
          <div
            class="MuiGrid-root MuiGrid-item MuiGrid-grid-xs-12 MuiGrid-grid-sm-6 MuiGrid-grid-md-4 MuiGrid-grid-lg-4"
          >
            <div
              class="MuiPaper-root MuiCard-root card MuiPaper-elevation1 MuiPaper-rounded"
            >
              <div
                class="MuiCardContent-root"
              >
                <h6
                  class="MuiTypography-root MuiTypography-subtitle2 MuiTypography-colorTextSecondary MuiTypography-alignCenter"
                >
                  24 Apr, 2021
                </h6>
                <img
                  alt="forecast-icon"
                  class="MuiCardMedia-root image MuiCardMedia-media MuiCardMedia-img"
                  src="http://openweathermap.org/img/wn/01n@2x.png"
                />
                <p
                  class="MuiTypography-root MuiTypography-body2 MuiTypography-colorTextSecondary MuiTypography-alignCenter"
                >
                  Clear
                </p>
                <h2
                  class="MuiTypography-root MuiTypography-h4 MuiTypography-gutterBottom MuiTypography-alignCenter"
                >
                  276°C
                </h2>
                <p
                  class="MuiTypography-root MuiTypography-subtitle1 MuiTypography-colorTextSecondary MuiTypography-alignCenter"
                >
                  Feels like 
                  276°C
                </p>
              </div>
            </div>
          </div>
        </div>
      </div>
    </div>
  </body>,
  "container": <div>
    <div
      class="MuiContainer-root container MuiContainer-maxWidthLg"
    >
      <div
        class="MuiGrid-root box MuiGrid-item MuiGrid-grid-xs-12 MuiGrid-grid-sm-12 MuiGrid-grid-md-12 MuiGrid-grid-lg-12 MuiGrid-grid-xl-12"
      >
        <span
          class="city"
        >
          London
        </span>
        <span
          class="cancel"
        >
          x
        </span>
      </div>
      <div
        class="MuiGrid-root grid MuiGrid-container MuiGrid-item MuiGrid-grid-xs-12 MuiGrid-grid-sm-12 MuiGrid-grid-md-12 MuiGrid-grid-lg-12 MuiGrid-grid-xl-12"
      >
        <div
          class="MuiGrid-root MuiGrid-item MuiGrid-grid-xs-12 MuiGrid-grid-sm-6 MuiGrid-grid-md-4 MuiGrid-grid-lg-4"
        >
          <div
            class="MuiPaper-root MuiCard-root card MuiPaper-elevation1 MuiPaper-rounded"
          >
            <div
              class="MuiCardContent-root"
            >
              <h6
                class="MuiTypography-root MuiTypography-subtitle2 MuiTypography-colorTextSecondary MuiTypography-alignCenter"
              >
                24 Apr, 2021
              </h6>
              <img
                alt="forecast-icon"
                class="MuiCardMedia-root image MuiCardMedia-media MuiCardMedia-img"
                src="http://openweathermap.org/img/wn/01n@2x.png"
              />
              <p
                class="MuiTypography-root MuiTypography-body2 MuiTypography-colorTextSecondary MuiTypography-alignCenter"
              >
                Clear
              </p>
              <h2
                class="MuiTypography-root MuiTypography-h4 MuiTypography-gutterBottom MuiTypography-alignCenter"
              >
                277°C
              </h2>
              <p
                class="MuiTypography-root MuiTypography-subtitle1 MuiTypography-colorTextSecondary MuiTypography-alignCenter"
              >
                Feels like 
                287°C
              </p>
            </div>
          </div>
        </div>
        <div
          class="MuiGrid-root MuiGrid-item MuiGrid-grid-xs-12 MuiGrid-grid-sm-6 MuiGrid-grid-md-4 MuiGrid-grid-lg-4"
        >
          <div
            class="MuiPaper-root MuiCard-root card MuiPaper-elevation1 MuiPaper-rounded"
          >
            <div
              class="MuiCardContent-root"
            >
              <h6
                class="MuiTypography-root MuiTypography-subtitle2 MuiTypography-colorTextSecondary MuiTypography-alignCenter"
              >
                24 Apr, 2021
              </h6>
              <img
                alt="forecast-icon"
                class="MuiCardMedia-root image MuiCardMedia-media MuiCardMedia-img"
                src="http://openweathermap.org/img/wn/01n@2x.png"
              />
              <p
                class="MuiTypography-root MuiTypography-body2 MuiTypography-colorTextSecondary MuiTypography-alignCenter"
              >
                Clear
              </p>
              <h2
                class="MuiTypography-root MuiTypography-h4 MuiTypography-gutterBottom MuiTypography-alignCenter"
              >
                276°C
              </h2>
              <p
                class="MuiTypography-root MuiTypography-subtitle1 MuiTypography-colorTextSecondary MuiTypography-alignCenter"
              >
                Feels like 
                276°C
              </p>
            </div>
          </div>
        </div>
      </div>
    </div>
  </div>,
  "debug": [Function],
  "findAllByAltText": [Function],
  "findAllByDisplayValue": [Function],
  "findAllByLabelText": [Function],
  "findAllByPlaceholderText": [Function],
  "findAllByRole": [Function],
  "findAllByTestId": [Function],
  "findAllByText": [Function],
  "findAllByTitle": [Function],
  "findByAltText": [Function],
  "findByDisplayValue": [Function],
  "findByLabelText": [Function],
  "findByPlaceholderText": [Function],
  "findByRole": [Function],
  "findByTestId": [Function],
  "findByText": [Function],
  "findByTitle": [Function],
  "getAllByAltText": [Function],
  "getAllByDisplayValue": [Function],
  "getAllByLabelText": [Function],
  "getAllByPlaceholderText": [Function],
  "getAllByRole": [Function],
  "getAllByTestId": [Function],
  "getAllByText": [Function],
  "getAllByTitle": [Function],
  "getByAltText": [Function],
  "getByDisplayValue": [Function],
  "getByLabelText": [Function],
  "getByPlaceholderText": [Function],
  "getByRole": [Function],
  "getByTestId": [Function],
  "getByText": [Function],
  "getByTitle": [Function],
  "queryAllByAltText": [Function],
  "queryAllByDisplayValue": [Function],
  "queryAllByLabelText": [Function],
  "queryAllByPlaceholderText": [Function],
  "queryAllByRole": [Function],
  "queryAllByTestId": [Function],
  "queryAllByText": [Function],
  "queryAllByTitle": [Function],
  "queryByAltText": [Function],
  "queryByDisplayValue": [Function],
  "queryByLabelText": [Function],
  "queryByPlaceholderText": [Function],
  "queryByRole": [Function],
  "queryByTestId": [Function],
  "queryByText": [Function],
  "queryByTitle": [Function],
  "rerender": [Function],
  "unmount": [Function],
}
`;
